sprites/global_palette.h
sprites/global_palette.c
sprites/Cam1.h
sprites/Cam1.c
sprites/Cam2.h
sprites/Cam2.c
sprites/Cam3.h
sprites/Cam3.c
sprites/Cam4.h
sprites/Cam4.c
sprites/Cam5.h
sprites/Cam5.c
sprites/Cam6.h
sprites/Cam6.c
sprites/Cam7.h
sprites/Cam7.c
sprites/Cam8.h
sprites/Cam8.c
sprites/Cam9.h
sprites/Cam9.c
sprites/Cam10.h
sprites/Cam10.c
sprites/Cam11.h
sprites/Cam11.c
sprites/FNAE-Map-layout.h
sprites/FNAE-Map-layout.c
sprites/Warningheavy.h
sprites/Warningheavy.c
sprites/Warninglight.h
sprites/Warninglight.c
sprites/cutscene.h
sprites/cutscene.c
sprites/enemyep1.h
sprites/enemyep1.c
sprites/enemyep4.h
sprites/enemyep4.c
sprites/ep1.h
sprites/ep1.c
sprites/ep4.h
sprites/ep4.c
sprites/exp2.h
sprites/exp2.c
sprites/fa3.h
sprites/fa3.c
sprites/front.h
sprites/front.c
sprites/goldenstephen.h
sprites/goldenstephen.c
sprites/jump.h
sprites/jump.c
sprites/jumptrump.h
sprites/jumptrump.c
sprites/menubackground.h
sprites/menubackground.c
sprites/mrstephen.h
sprites/mrstephen.c
sprites/original.h
sprites/original.c
sprites/scaryep.h
sprites/scaryep.c
sprites/scaryhawk.h
sprites/scaryhawk.c
sprites/scaryhawking.h
sprites/scaryhawking.c
sprites/scarytrump.h
sprites/scarytrump.c
sprites/star.h
sprites/star.c
sprites/trump.h
sprites/trump.c
sprites/trump2.h
sprites/trump2.c
sprites/trump3.h
sprites/trump3.c
sprites/trump4.h
sprites/trump4.c
sprites/trump5.h
sprites/trump5.c
sprites/winscreen.h
sprites/winscreen.c
sprites/gfx.h
